ubuntu@ip-172-31-22-124:~/projects/Project-4-ml-microservice-kubernetes$ docker ps -a
Got permission denied while trying to connect to the Docker daemon socket at unix:///var/run/docker.sock: Get "http://%2Fvar%2Frun%2Fdocker.sock/v1.24/containers/json?all=1": dial unix /var/run/docker.sock: connect: permission denied

ubuntu@ip-172-31-22-124:~/projects/Project-4-ml-microservice-kubernetes$ ls -la /var/run/
total 44
drwxr-xr-x 26 root root    960 Oct 22 15:56 .
drwxr-xr-x 23 root root   4096 Oct 22 14:53 ..
drwxr-xr-x  3 root root     60 Oct 22 14:53 NetworkManager
-rw-r--r--  1 root root      5 Oct 22 14:53 acpid.pid
srw-rw-rw-  1 root root      0 Oct 22 14:53 acpid.socket
-rw-------  1 root root      0 Oct 22 14:54 agetty.reload
-rw-r--r--  1 root root      5 Oct 22 14:53 atd.pid
drwxr-xr-x  2 root root     80 Oct 22 14:53 blkid
drwxr-xr-x  3 root root    300 Oct 22 14:53 cloud-init
drwxr-xr-x  2 root root     80 Oct 22 14:53 console-setup
drwx--x--x  4 root root    120 Oct 22 14:53 containerd
-rw-r--r--  1 root root      5 Oct 22 14:53 crond.pid
----------  1 root root      0 Oct 22 14:53 crond.reboot
drwx------  2 root root     40 Oct 22 14:53 cryptsetup
drwxr-xr-x  2 root root     60 Oct 22 14:53 dbus
prw-------  1 root root      0 Oct 22 14:53 dmeventd-client
prw-------  1 root root      0 Oct 22 14:53 dmeventd-server
drwx------  5 root root    120 Oct 22 14:53 docker
-rw-r--r--  1 root root      4 Oct 22 14:53 docker.pid

srw-rw----  1 root docker    0 Oct 22 14:53 docker.sock

lrwxrwxrwx  1 root root     25 Oct 22 14:53 initctl -> /run/systemd/initctl/fifo
drwxr-xr-x  2 root root    100 Oct 22 14:53 initramfs
drwxrwxrwt  4 root root     80 Oct 22 14:53 lock
drwxr-xr-x  2 root root     40 Oct 22 14:53 log
drwx------  2 root root     80 Oct 22 14:53 lvm
-rw-r--r--  1 root root      4 Oct 22 14:53 lvmetad.pid
drwx------  4 root root     80 Oct 22 14:53 lxcfs
-rw-------  1 root root      5 Oct 22 14:53 lxcfs.pid
-rw-r--r--  1 root root    891 Oct 22 15:56 motd.dynamic
drwxr-xr-x  2 root root     80 Oct 22 14:53 mount
drwxr-xr-x  2 root root     60 Oct 22 14:53 network
-rw-r--r--  1 root root      4 Oct 22 14:53 rsyslogd.pid
drwxrwxrwt  2 root utmp     40 Oct 22 14:53 screen
drwxr-xr-x  2 root root     40 Oct 22 14:53 sendsigs.omit.d
lrwxrwxrwx  1 root root      8 Oct 22 14:53 shm -> /dev/shm
srw-rw-rw-  1 root root      0 Oct 22 14:53 snapd-snap.socket
srw-rw-rw-  1 root root      0 Oct 22 14:53 snapd.socket
drwxr-xr-x  2 root root     40 Oct 22 14:53 sshd
-rw-r--r--  1 root root      5 Oct 22 14:53 sshd.pid
drwx--x--x  3 root root     60 Oct 22 14:53 sudo
drwxr-xr-x 23 root root    540 Oct 22 15:50 systemd
drwxr-xr-x  2 root root     60 Oct 22 14:53 tmpfiles.d
drwxr-xr-x  7 root root    160 Oct 22 19:13 udev
-rw-r-----  1 root root      0 Oct 22 14:54 unattended-upgrades.lock
drwxr-xr-x  3 root root     60 Oct 22 15:50 user
-rw-rw-r--  1 root utmp   1536 Oct 22 14:54 utmp
drwxr-xr-x  2 root root     60 Oct 22 14:53 uuidd
-rw-------  1 root root      0 Oct 22 14:53 xtables.lock

ubuntu@ip-172-31-22-124:~/projects/Project-4-ml-microservice-kubernetes$ sudo chmod +x /var/run/docker.sock
ubuntu@ip-172-31-22-124:~/projects/Project-4-ml-microservice-kubernetes$ ls -la /var/run/
total 44
drwxr-xr-x 26 root root    960 Oct 22 15:56 .
drwxr-xr-x 23 root root   4096 Oct 22 14:53 ..
drwxr-xr-x  3 root root     60 Oct 22 14:53 NetworkManager
-rw-r--r--  1 root root      5 Oct 22 14:53 acpid.pid
srw-rw-rw-  1 root root      0 Oct 22 14:53 acpid.socket
-rw-------  1 root root      0 Oct 22 14:54 agetty.reload
-rw-r--r--  1 root root      5 Oct 22 14:53 atd.pid
drwxr-xr-x  2 root root     80 Oct 22 14:53 blkid
drwxr-xr-x  3 root root    300 Oct 22 14:53 cloud-init
drwxr-xr-x  2 root root     80 Oct 22 14:53 console-setup
drwx--x--x  4 root root    120 Oct 22 14:53 containerd
-rw-r--r--  1 root root      5 Oct 22 14:53 crond.pid
----------  1 root root      0 Oct 22 14:53 crond.reboot
drwx------  2 root root     40 Oct 22 14:53 cryptsetup
drwxr-xr-x  2 root root     60 Oct 22 14:53 dbus
prw-------  1 root root      0 Oct 22 14:53 dmeventd-client
prw-------  1 root root      0 Oct 22 14:53 dmeventd-server
drwx------  5 root root    120 Oct 22 14:53 docker
-rw-r--r--  1 root root      4 Oct 22 14:53 docker.pid

srwxrwx--x  1 root docker    0 Oct 22 14:53 docker.sock

lrwxrwxrwx  1 root root     25 Oct 22 14:53 initctl -> /run/systemd/initctl/fifo
drwxr-xr-x  2 root root    100 Oct 22 14:53 initramfs
drwxrwxrwt  4 root root     80 Oct 22 14:53 lock
drwxr-xr-x  2 root root     40 Oct 22 14:53 log
drwx------  2 root root     80 Oct 22 14:53 lvm
-rw-r--r--  1 root root      4 Oct 22 14:53 lvmetad.pid
drwx------  4 root root     80 Oct 22 14:53 lxcfs
-rw-------  1 root root      5 Oct 22 14:53 lxcfs.pid
-rw-r--r--  1 root root    891 Oct 22 15:56 motd.dynamic
drwxr-xr-x  2 root root     80 Oct 22 14:53 mount
drwxr-xr-x  2 root root     60 Oct 22 14:53 network
-rw-r--r--  1 root root      4 Oct 22 14:53 rsyslogd.pid
drwxrwxrwt  2 root utmp     40 Oct 22 14:53 screen
drwxr-xr-x  2 root root     40 Oct 22 14:53 sendsigs.omit.d
lrwxrwxrwx  1 root root      8 Oct 22 14:53 shm -> /dev/shm
srw-rw-rw-  1 root root      0 Oct 22 14:53 snapd-snap.socket
srw-rw-rw-  1 root root      0 Oct 22 14:53 snapd.socket
drwxr-xr-x  2 root root     40 Oct 22 14:53 sshd
-rw-r--r--  1 root root      5 Oct 22 14:53 sshd.pid
drwx--x--x  3 root root     60 Oct 22 14:53 sudo
drwxr-xr-x 23 root root    540 Oct 22 15:50 systemd
drwxr-xr-x  2 root root     60 Oct 22 14:53 tmpfiles.d
drwxr-xr-x  7 root root    160 Oct 22 19:42 udev
-rw-r-----  1 root root      0 Oct 22 14:54 unattended-upgrades.lock
drwxr-xr-x  3 root root     60 Oct 22 15:50 user
-rw-rw-r--  1 root utmp   1536 Oct 22 14:54 utmp
drwxr-xr-x  2 root root     60 Oct 22 14:53 uuidd
-rw-------  1 root root      0 Oct 22 14:53 xtables.lock

ubuntu@ip-172-31-22-124:~/projects/Project-4-ml-microservice-kubernetes$ sudo chmod 666 /var/run/docker.sock
ubuntu@ip-172-31-22-124:~/projects/Project-4-ml-microservice-kubernetes$ sudo addgroup docker 